Archive member included to satisfy reference by file (symbol)

d:/nexus/software/atmel studio/7.0/toolchain/avr8/avr8-gnu-toolchain/bin/../lib/gcc/avr/5.4.0/../../../../avr/lib/avr5\libm.a(addsf3.o)
                              Managers/Heater_Control.o (__subsf3)
d:/nexus/software/atmel studio/7.0/toolchain/avr8/avr8-gnu-toolchain/bin/../lib/gcc/avr/5.4.0/../../../../avr/lib/avr5\libm.a(addsf3x.o)
                              d:/nexus/software/atmel studio/7.0/toolchain/avr8/avr8-gnu-toolchain/bin/../lib/gcc/avr/5.4.0/../../../../avr/lib/avr5\libm.a(addsf3.o) (__addsf3x)
d:/nexus/software/atmel studio/7.0/toolchain/avr8/avr8-gnu-toolchain/bin/../lib/gcc/avr/5.4.0/../../../../avr/lib/avr5\libm.a(divsf3.o)
                              Managers/Heater_Control.o (__divsf3)
d:/nexus/software/atmel studio/7.0/toolchain/avr8/avr8-gnu-toolchain/bin/../lib/gcc/avr/5.4.0/../../../../avr/lib/avr5\libm.a(divsf3x.o)
                              d:/nexus/software/atmel studio/7.0/toolchain/avr8/avr8-gnu-toolchain/bin/../lib/gcc/avr/5.4.0/../../../../avr/lib/avr5\libm.a(divsf3.o) (__divsf3x)
d:/nexus/software/atmel studio/7.0/toolchain/avr8/avr8-gnu-toolchain/bin/../lib/gcc/avr/5.4.0/../../../../avr/lib/avr5\libm.a(fixunssfsi.o)
                              Managers/Heater_Control.o (__fixunssfsi)
d:/nexus/software/atmel studio/7.0/toolchain/avr8/avr8-gnu-toolchain/bin/../lib/gcc/avr/5.4.0/../../../../avr/lib/avr5\libm.a(floatsisf.o)
                              Drivers/Potentiometer.o (__floatunsisf)
d:/nexus/software/atmel studio/7.0/toolchain/avr8/avr8-gnu-toolchain/bin/../lib/gcc/avr/5.4.0/../../../../avr/lib/avr5\libm.a(floor.o)
                              Managers/Heater_Control.o (floor)
d:/nexus/software/atmel studio/7.0/toolchain/avr8/avr8-gnu-toolchain/bin/../lib/gcc/avr/5.4.0/../../../../avr/lib/avr5\libm.a(fp_inf.o)
                              d:/nexus/software/atmel studio/7.0/toolchain/avr8/avr8-gnu-toolchain/bin/../lib/gcc/avr/5.4.0/../../../../avr/lib/avr5\libm.a(addsf3x.o) (__fp_inf)
d:/nexus/software/atmel studio/7.0/toolchain/avr8/avr8-gnu-toolchain/bin/../lib/gcc/avr/5.4.0/../../../../avr/lib/avr5\libm.a(fp_mintl.o)
                              d:/nexus/software/atmel studio/7.0/toolchain/avr8/avr8-gnu-toolchain/bin/../lib/gcc/avr/5.4.0/../../../../avr/lib/avr5\libm.a(floor.o) (__fp_mintl)
d:/nexus/software/atmel studio/7.0/toolchain/avr8/avr8-gnu-toolchain/bin/../lib/gcc/avr/5.4.0/../../../../avr/lib/avr5\libm.a(fp_mpack.o)
                              d:/nexus/software/atmel studio/7.0/toolchain/avr8/avr8-gnu-toolchain/bin/../lib/gcc/avr/5.4.0/../../../../avr/lib/avr5\libm.a(floor.o) (__fp_mpack)
d:/nexus/software/atmel studio/7.0/toolchain/avr8/avr8-gnu-toolchain/bin/../lib/gcc/avr/5.4.0/../../../../avr/lib/avr5\libm.a(fp_nan.o)
                              d:/nexus/software/atmel studio/7.0/toolchain/avr8/avr8-gnu-toolchain/bin/../lib/gcc/avr/5.4.0/../../../../avr/lib/avr5\libm.a(addsf3x.o) (__fp_nan)
d:/nexus/software/atmel studio/7.0/toolchain/avr8/avr8-gnu-toolchain/bin/../lib/gcc/avr/5.4.0/../../../../avr/lib/avr5\libm.a(fp_pscA.o)
                              d:/nexus/software/atmel studio/7.0/toolchain/avr8/avr8-gnu-toolchain/bin/../lib/gcc/avr/5.4.0/../../../../avr/lib/avr5\libm.a(addsf3x.o) (__fp_pscA)
d:/nexus/software/atmel studio/7.0/toolchain/avr8/avr8-gnu-toolchain/bin/../lib/gcc/avr/5.4.0/../../../../avr/lib/avr5\libm.a(fp_pscB.o)
                              d:/nexus/software/atmel studio/7.0/toolchain/avr8/avr8-gnu-toolchain/bin/../lib/gcc/avr/5.4.0/../../../../avr/lib/avr5\libm.a(addsf3x.o) (__fp_pscB)
d:/nexus/software/atmel studio/7.0/toolchain/avr8/avr8-gnu-toolchain/bin/../lib/gcc/avr/5.4.0/../../../../avr/lib/avr5\libm.a(fp_round.o)
                              d:/nexus/software/atmel studio/7.0/toolchain/avr8/avr8-gnu-toolchain/bin/../lib/gcc/avr/5.4.0/../../../../avr/lib/avr5\libm.a(addsf3.o) (__fp_round)
d:/nexus/software/atmel studio/7.0/toolchain/avr8/avr8-gnu-toolchain/bin/../lib/gcc/avr/5.4.0/../../../../avr/lib/avr5\libm.a(fp_split3.o)
                              d:/nexus/software/atmel studio/7.0/toolchain/avr8/avr8-gnu-toolchain/bin/../lib/gcc/avr/5.4.0/../../../../avr/lib/avr5\libm.a(addsf3x.o) (__fp_split3)
d:/nexus/software/atmel studio/7.0/toolchain/avr8/avr8-gnu-toolchain/bin/../lib/gcc/avr/5.4.0/../../../../avr/lib/avr5\libm.a(fp_trunc.o)
                              d:/nexus/software/atmel studio/7.0/toolchain/avr8/avr8-gnu-toolchain/bin/../lib/gcc/avr/5.4.0/../../../../avr/lib/avr5\libm.a(floor.o) (__fp_trunc)
d:/nexus/software/atmel studio/7.0/toolchain/avr8/avr8-gnu-toolchain/bin/../lib/gcc/avr/5.4.0/../../../../avr/lib/avr5\libm.a(fp_zero.o)
                              d:/nexus/software/atmel studio/7.0/toolchain/avr8/avr8-gnu-toolchain/bin/../lib/gcc/avr/5.4.0/../../../../avr/lib/avr5\libm.a(addsf3x.o) (__fp_zero)
d:/nexus/software/atmel studio/7.0/toolchain/avr8/avr8-gnu-toolchain/bin/../lib/gcc/avr/5.4.0/../../../../avr/lib/avr5\libm.a(mulsf3.o)
                              Drivers/Potentiometer.o (__mulsf3)
d:/nexus/software/atmel studio/7.0/toolchain/avr8/avr8-gnu-toolchain/bin/../lib/gcc/avr/5.4.0/../../../../avr/lib/avr5\libm.a(mulsf3x.o)
                              d:/nexus/software/atmel studio/7.0/toolchain/avr8/avr8-gnu-toolchain/bin/../lib/gcc/avr/5.4.0/../../../../avr/lib/avr5\libm.a(mulsf3.o) (__mulsf3x)
d:/nexus/software/atmel studio/7.0/toolchain/avr8/avr8-gnu-toolchain/bin/../lib/gcc/avr/5.4.0/avr5\libgcc.a(_exit.o)
                              D:/NEXUS/SOFTWARE/Atmel Studio/7.0/Packs/atmel/ATmega_DFP/1.6.364/gcc/dev/atmega32/avr5/crtatmega32.o (exit)
d:/nexus/software/atmel studio/7.0/toolchain/avr8/avr8-gnu-toolchain/bin/../lib/gcc/avr/5.4.0/avr5\libgcc.a(_copy_data.o)
                              Drivers/DIO.o (__do_copy_data)
d:/nexus/software/atmel studio/7.0/toolchain/avr8/avr8-gnu-toolchain/bin/../lib/gcc/avr/5.4.0/avr5\libgcc.a(_clear_bss.o)
                              Drivers/Keypad.o (__do_clear_bss)
d:/nexus/software/atmel studio/7.0/toolchain/avr8/avr8-gnu-toolchain/bin/../lib/gcc/avr/5.4.0/../../../../avr/lib/avr5\libc.a(itoa_ncheck.o)
                              Managers/DSP_Manager.o (__itoa_ncheck)
d:/nexus/software/atmel studio/7.0/toolchain/avr8/avr8-gnu-toolchain/bin/../lib/gcc/avr/5.4.0/../../../../avr/lib/avr5\libc.a(utoa_ncheck.o)
                              d:/nexus/software/atmel studio/7.0/toolchain/avr8/avr8-gnu-toolchain/bin/../lib/gcc/avr/5.4.0/../../../../avr/lib/avr5\libc.a(itoa_ncheck.o) (__utoa_common)
d:/nexus/software/atmel studio/7.0/toolchain/avr8/avr8-gnu-toolchain/bin/../lib/gcc/avr/5.4.0/../../../../avr/lib/avr5\libc.a(strrev.o)
                              d:/nexus/software/atmel studio/7.0/toolchain/avr8/avr8-gnu-toolchain/bin/../lib/gcc/avr/5.4.0/../../../../avr/lib/avr5\libc.a(utoa_ncheck.o) (strrev)

Discarded input sections

 .data          0x00000000        0x0 D:/NEXUS/SOFTWARE/Atmel Studio/7.0/Packs/atmel/ATmega_DFP/1.6.364/gcc/dev/atmega32/avr5/crtatmega32.o
 .bss           0x00000000        0x0 D:/NEXUS/SOFTWARE/Atmel Studio/7.0/Packs/atmel/ATmega_DFP/1.6.364/gcc/dev/atmega32/avr5/crtatmega32.o
 .text          0x00000000        0x0 Drivers/ADC.o
 .data          0x00000000        0x0 Drivers/ADC.o
 .bss           0x00000000        0x0 Drivers/ADC.o
 .text          0x00000000        0x0 Drivers/DIO.o
 .data          0x00000000        0x0 Drivers/DIO.o
 .bss           0x00000000        0x0 Drivers/DIO.o
 .text.DIO_Toggle_PIN
                0x00000000       0x6e Drivers/DIO.o
 .text.DIO_Set_PORT_Direction
                0x00000000       0x5e Drivers/DIO.o
 .text.DIO_Write_PORT
                0x00000000       0x26 Drivers/DIO.o
 .text.DIO_Read_PORT
                0x00000000       0x2a Drivers/DIO.o
 .text.DIO_Toggle_PORT
                0x00000000       0x36 Drivers/DIO.o
 .text.DIO_Write_Low_Nibble
                0x00000000       0x50 Drivers/DIO.o
 .text.DIO_Write_Low_5_Nibble
                0x00000000       0x50 Drivers/DIO.o
 .text          0x00000000        0x0 Drivers/Keypad.o
 .data          0x00000000        0x0 Drivers/Keypad.o
 .bss           0x00000000        0x0 Drivers/Keypad.o
 .text          0x00000000        0x0 Drivers/LCD.o
 .data          0x00000000        0x0 Drivers/LCD.o
 .bss           0x00000000        0x0 Drivers/LCD.o
 .text          0x00000000        0x0 Drivers/LED.o
 .data          0x00000000        0x0 Drivers/LED.o
 .bss           0x00000000        0x0 Drivers/LED.o
 .text          0x00000000        0x0 Drivers/Potentiometer.o
 .data          0x00000000        0x0 Drivers/Potentiometer.o
 .bss           0x00000000        0x0 Drivers/Potentiometer.o
 .text          0x00000000        0x0 Drivers/PWM.o
 .data          0x00000000        0x0 Drivers/PWM.o
 .bss           0x00000000        0x0 Drivers/PWM.o
 .text          0x00000000        0x0 Drivers/SPI.o
 .data          0x00000000        0x0 Drivers/SPI.o
 .bss           0x00000000        0x0 Drivers/SPI.o
 .text          0x00000000        0x0 Drivers/TC72.o
 .data          0x00000000        0x0 Drivers/TC72.o
 .bss           0x00000000        0x0 Drivers/TC72.o
 .text          0x00000000        0x0 Drivers/Timer.o
 .data          0x00000000        0x0 Drivers/Timer.o
 .bss           0x00000000        0x0 Drivers/Timer.o
 .text          0x00000000        0x0 main.o
 .data          0x00000000        0x0 main.o
 .bss           0x00000000        0x0 main.o
 .bss.LCD_FINISH_SHIFT
                0x00000000        0x1 main.o
 .text          0x00000000        0x0 Managers/DSP_Manager.o
 .data          0x00000000        0x0 Managers/DSP_Manager.o
 .bss           0x00000000        0x0 Managers/DSP_Manager.o
 .text          0x00000000        0x0 Managers/Heater_Control.o
 .data          0x00000000        0x0 Managers/Heater_Control.o
 .bss           0x00000000        0x0 Managers/Heater_Control.o
 .rodata.LEDs_PORT
                0x00000000        0x1 Managers/Heater_Control.o
 .text          0x00000000        0x0 Managers/Mode_Config.o
 .data          0x00000000        0x0 Managers/Mode_Config.o
 .bss           0x00000000        0x0 Managers/Mode_Config.o
 .debug_info    0x00000000       0x56 Managers/Mode_Config.o
 .debug_abbrev  0x00000000       0x26 Managers/Mode_Config.o
 .debug_aranges
                0x00000000       0x18 Managers/Mode_Config.o
 .debug_line    0x00000000       0x1a Managers/Mode_Config.o
 .debug_str     0x00000000      0x16f Managers/Mode_Config.o
 .comment       0x00000000       0x31 Managers/Mode_Config.o
 .text          0x00000000        0x0 Managers/Schedular.o
 .data          0x00000000        0x0 Managers/Schedular.o
 .bss           0x00000000        0x0 Managers/Schedular.o
 .text          0x00000000        0x0 Managers/TMP_Manager.o
 .data          0x00000000        0x0 Managers/TMP_Manager.o
 .bss           0x00000000        0x0 Managers/TMP_Manager.o
 .bss.debouncing_counter
                0x00000000        0x1 Managers/TMP_Manager.o
 .text          0x00000000        0x0 d:/nexus/software/atmel studio/7.0/toolchain/avr8/avr8-gnu-toolchain/bin/../lib/gcc/avr/5.4.0/../../../../avr/lib/avr5\libm.a(addsf3.o)
 .data          0x00000000        0x0 d:/nexus/software/atmel studio/7.0/toolchain/avr8/avr8-gnu-toolchain/bin/../lib/gcc/avr/5.4.0/../../../../avr/lib/avr5\libm.a(addsf3.o)
 .bss           0x00000000        0x0 d:/nexus/software/atmel studio/7.0/toolchain/avr8/avr8-gnu-toolchain/bin/../lib/gcc/avr/5.4.0/../../../../avr/lib/avr5\libm.a(addsf3.o)
 .text          0x00000000        0x0 d:/nexus/software/atmel studio/7.0/toolchain/avr8/avr8-gnu-toolchain/bin/../lib/gcc/avr/5.4.0/../../../../avr/lib/avr5\libm.a(addsf3x.o)
 .data          0x00000000        0x0 d:/nexus/software/atmel studio/7.0/toolchain/avr8/avr8-gnu-toolchain/bin/../lib/gcc/avr/5.4.0/../../../../avr/lib/avr5\libm.a(addsf3x.o)
 .bss           0x00000000        0x0 d:/nexus/software/atmel studio/7.0/toolchain/avr8/avr8-gnu-toolchain/bin/../lib/gcc/avr/5.4.0/../../../../avr/lib/avr5\libm.a(addsf3x.o)
 .text          0x00000000        0x0 d:/nexus/software/atmel studio/7.0/toolchain/avr8/avr8-gnu-toolchain/bin/../lib/gcc/avr/5.4.0/../../../../avr/lib/avr5\libm.a(divsf3.o)
 .data          0x00000000        0x0 d:/nexus/software/atmel studio/7.0/toolchain/avr8/avr8-gnu-toolchain/bin/../lib/gcc/avr/5.4.0/../../../../avr/lib/avr5\libm.a(divsf3.o)
 .bss           0x00000000        0x0 d:/nexus/software/atmel studio/7.0/toolchain/avr8/avr8-gnu-toolchain/bin/../lib/gcc/avr/5.4.0/../../../../avr/lib/avr5\libm.a(divsf3.o)
 .text          0x00000000        0x0 d:/nexus/software/atmel studio/7.0/toolchain/avr8/avr8-gnu-toolchain/bin/../lib/gcc/avr/5.4.0/../../../../avr/lib/avr5\libm.a(divsf3x.o)
 .data          0x00000000        0x0 d:/nexus/software/atmel studio/7.0/toolchain/avr8/avr8-gnu-toolchain/bin/../lib/gcc/avr/5.4.0/../../../../avr/lib/avr5\libm.a(divsf3x.o)
 .bss           0x00000000        0x0 d:/nexus/software/atmel studio/7.0/toolchain/avr8/avr8-gnu-toolchain/bin/../lib/gcc/avr/5.4.0/../../../../avr/lib/avr5\libm.a(divsf3x.o)
 .text          0x00000000        0x0 d:/nexus/software/atmel studio/7.0/toolchain/avr8/avr8-gnu-toolchain/bin/../lib/gcc/avr/5.4.0/../../../../avr/lib/avr5\libm.a(fixunssfsi.o)
 .data          0x00000000        0x0 d:/nexus/software/atmel studio/7.0/toolchain/avr8/avr8-gnu-toolchain/bin/../lib/gcc/avr/5.4.0/../../../../avr/lib/avr5\libm.a(fixunssfsi.o)
 .bss           0x00000000        0x0 d:/nexus/software/atmel studio/7.0/toolchain/avr8/avr8-gnu-toolchain/bin/../lib/gcc/avr/5.4.0/../../../../avr/lib/avr5\libm.a(fixunssfsi.o)
 .text          0x00000000        0x0 d:/nexus/software/atmel studio/7.0/toolchain/avr8/avr8-gnu-toolchain/bin/../lib/gcc/avr/5.4.0/../../../../avr/lib/avr5\libm.a(floatsisf.o)
 .data          0x00000000        0x0 d:/nexus/software/atmel studio/7.0/toolchain/avr8/avr8-gnu-toolchain/bin/../lib/gcc/avr/5.4.0/../../../../avr/lib/avr5\libm.a(floatsisf.o)
 .bss           0x00000000        0x0 d:/nexus/software/atmel studio/7.0/toolchain/avr8/avr8-gnu-toolchain/bin/../lib/gcc/avr/5.4.0/../../../../avr/lib/avr5\libm.a(floatsisf.o)
 .text          0x00000000        0x0 d:/nexus/software/atmel studio/7.0/toolchain/avr8/avr8-gnu-toolchain/bin/../lib/gcc/avr/5.4.0/../../../../avr/lib/avr5\libm.a(floor.o)
 .data          0x00000000        0x0 d:/nexus/software/atmel studio/7.0/toolchain/avr8/avr8-gnu-toolchain/bin/../lib/gcc/avr/5.4.0/../../../../avr/lib/avr5\libm.a(floor.o)
 .bss           0x00000000        0x0 d:/nexus/software/atmel studio/7.0/toolchain/avr8/avr8-gnu-toolchain/bin/../lib/gcc/avr/5.4.0/../../../../avr/lib/avr5\libm.a(floor.o)
 .text          0x00000000        0x0 d:/nexus/software/atmel studio/7.0/toolchain/avr8/avr8-gnu-toolchain/bin/../lib/gcc/avr/5.4.0/../../../../avr/lib/avr5\libm.a(fp_inf.o)
 .data          0x00000000        0x0 d:/nexus/software/atmel studio/7.0/toolchain/avr8/avr8-gnu-toolchain/bin/../lib/gcc/avr/5.4.0/../../../../avr/lib/avr5\libm.a(fp_inf.o)
 .bss           0x00000000        0x0 d:/nexus/software/atmel studio/7.0/toolchain/avr8/avr8-gnu-toolchain/bin/../lib/gcc/avr/5.4.0/../../../../avr/lib/avr5\libm.a(fp_inf.o)
 .text          0x00000000        0x0 d:/nexus/software/atmel studio/7.0/toolchain/avr8/avr8-gnu-toolchain/bin/../lib/gcc/avr/5.4.0/../../../../avr/lib/avr5\libm.a(fp_mintl.o)
 .data          0x00000000        0x0 d:/nexus/software/atmel studio/7.0/toolchain/avr8/avr8-gnu-toolchain/bin/../lib/gcc/avr/5.4.0/../../../../avr/lib/avr5\libm.a(fp_mintl.o)
 .bss           0x00000000        0x0 d:/nexus/software/atmel studio/7.0/toolchain/avr8/avr8-gnu-toolchain/bin/../lib/gcc/avr/5.4.0/../../../../avr/lib/avr5\libm.a(fp_mintl.o)
 .text          0x00000000        0x0 d:/nexus/software/atmel studio/7.0/toolchain/avr8/avr8-gnu-toolchain/bin/../lib/gcc/avr/5.4.0/../../../../avr/lib/avr5\libm.a(fp_mpack.o)
 .data          0x00000000        0x0 d:/nexus/software/atmel studio/7.0/toolchain/avr8/avr8-gnu-toolchain/bin/../lib/gcc/avr/5.4.0/../../../../avr/lib/avr5\libm.a(fp_mpack.o)
 .bss           0x00000000        0x0 d:/nexus/software/atmel studio/7.0/toolchain/avr8/avr8-gnu-toolchain/bin/../lib/gcc/avr/5.4.0/../../../../avr/lib/avr5\libm.a(fp_mpack.o)
 .text          0x00000000        0x0 d:/nexus/software/atmel studio/7.0/toolchain/avr8/avr8-gnu-toolchain/bin/../lib/gcc/avr/5.4.0/../../../../avr/lib/avr5\libm.a(fp_nan.o)
 .data          0x00000000        0x0 d:/nexus/software/atmel studio/7.0/toolchain/avr8/avr8-gnu-toolchain/bin/../lib/gcc/avr/5.4.0/../../../../avr/lib/avr5\libm.a(fp_nan.o)
 .bss           0x00000000        0x0 d:/nexus/software/atmel studio/7.0/toolchain/avr8/avr8-gnu-toolchain/bin/../lib/gcc/avr/5.4.0/../../../../avr/lib/avr5\libm.a(fp_nan.o)
 .text          0x00000000        0x0 d:/nexus/software/atmel studio/7.0/toolchain/avr8/avr8-gnu-toolchain/bin/../lib/gcc/avr/5.4.0/../../../../avr/lib/avr5\libm.a(fp_pscA.o)
 .data          0x00000000        0x0 d:/nexus/software/atmel studio/7.0/toolchain/avr8/avr8-gnu-toolchain/bin/../lib/gcc/avr/5.4.0/../../../../avr/lib/avr5\libm.a(fp_pscA.o)
 .bss           0x00000000        0x0 d:/nexus/software/atmel studio/7.0/toolchain/avr8/avr8-gnu-toolchain/bin/../lib/gcc/avr/5.4.0/../../../../avr/lib/avr5\libm.a(fp_pscA.o)
 .text          0x00000000        0x0 d:/nexus/software/atmel studio/7.0/toolchain/avr8/avr8-gnu-toolchain/bin/../lib/gcc/avr/5.4.0/../../../../avr/lib/avr5\libm.a(fp_pscB.o)
 .data          0x00000000        0x0 d:/nexus/software/atmel studio/7.0/toolchain/avr8/avr8-gnu-toolchain/bin/../lib/gcc/avr/5.4.0/../../../../avr/lib/avr5\libm.a(fp_pscB.o)
 .bss           0x00000000        0x0 d:/nexus/software/atmel studio/7.0/toolchain/avr8/avr8-gnu-toolchain/bin/../lib/gcc/avr/5.4.0/../../../../avr/lib/avr5\libm.a(fp_pscB.o)
 .text          0x00000000        0x0 d:/nexus/software/atmel studio/7.0/toolchain/avr8/avr8-gnu-toolchain/bin/../lib/gcc/avr/5.4.0/../../../../avr/lib/avr5\libm.a(fp_round.o)
 .data          0x00000000        0x0 d:/nexus/software/atmel studio/7.0/toolchain/avr8/avr8-gnu-toolchain/bin/../lib/gcc/avr/5.4.0/../../../../avr/lib/avr5\libm.a(fp_round.o)
 .bss           0x00000000        0x0 d:/nexus/software/atmel studio/7.0/toolchain/avr8/avr8-gnu-toolchain/bin/../lib/gcc/avr/5.4.0/../../../../avr/lib/avr5\libm.a(fp_round.o)
 .text          0x00000000        0x0 d:/nexus/software/atmel studio/7.0/toolchain/avr8/avr8-gnu-toolchain/bin/../lib/gcc/avr/5.4.0/../../../../avr/lib/avr5\libm.a(fp_split3.o)
 .data          0x00000000        0x0 d:/nexus/software/atmel studio/7.0/toolchain/avr8/avr8-gnu-toolchain/bin/../lib/gcc/avr/5.4.0/../../../../avr/lib/avr5\libm.a(fp_split3.o)
 .bss           0x00000000        0x0 d:/nexus/software/atmel studio/7.0/toolchain/avr8/avr8-gnu-toolchain/bin/../lib/gcc/avr/5.4.0/../../../../avr/lib/avr5\libm.a(fp_split3.o)
 .text          0x00000000        0x0 d:/nexus/software/atmel studio/7.0/toolchain/avr8/avr8-gnu-toolchain/bin/../lib/gcc/avr/5.4.0/../../../../avr/lib/avr5\libm.a(fp_trunc.o)
 .data          0x00000000        0x0 d:/nexus/software/atmel studio/7.0/toolchain/avr8/avr8-gnu-toolchain/bin/../lib/gcc/avr/5.4.0/../../../../avr/lib/avr5\libm.a(fp_trunc.o)
 .bss           0x00000000        0x0 d:/nexus/software/atmel studio/7.0/toolchain/avr8/avr8-gnu-toolchain/bin/../lib/gcc/avr/5.4.0/../../../../avr/lib/avr5\libm.a(fp_trunc.o)
 .text          0x00000000        0x0 d:/nexus/software/atmel studio/7.0/toolchain/avr8/avr8-gnu-toolchain/bin/../lib/gcc/avr/5.4.0/../../../../avr/lib/avr5\libm.a(fp_zero.o)
 .data          0x00000000        0x0 d:/nexus/software/atmel studio/7.0/toolchain/avr8/avr8-gnu-toolchain/bin/../lib/gcc/avr/5.4.0/../../../../avr/lib/avr5\libm.a(fp_zero.o)
 .bss           0x00000000        0x0 d:/nexus/software/atmel studio/7.0/toolchain/avr8/avr8-gnu-toolchain/bin/../lib/gcc/avr/5.4.0/../../../../avr/lib/avr5\libm.a(fp_zero.o)
 .text          0x00000000        0x0 d:/nexus/software/atmel studio/7.0/toolchain/avr8/avr8-gnu-toolchain/bin/../lib/gcc/avr/5.4.0/../../../../avr/lib/avr5\libm.a(mulsf3.o)
 .data          0x00000000        0x0 d:/nexus/software/atmel studio/7.0/toolchain/avr8/avr8-gnu-toolchain/bin/../lib/gcc/avr/5.4.0/../../../../avr/lib/avr5\libm.a(mulsf3.o)
 .bss           0x00000000        0x0 d:/nexus/software/atmel studio/7.0/toolchain/avr8/avr8-gnu-toolchain/bin/../lib/gcc/avr/5.4.0/../../../../avr/lib/avr5\libm.a(mulsf3.o)
 .text          0x00000000        0x0 d:/nexus/software/atmel studio/7.0/toolchain/avr8/avr8-gnu-toolchain/bin/../lib/gcc/avr/5.4.0/../../../../avr/lib/avr5\libm.a(mulsf3x.o)
 .data          0x00000000        0x0 d:/nexus/software/atmel studio/7.0/toolchain/avr8/avr8-gnu-toolchain/bin/../lib/gcc/avr/5.4.0/../../../../avr/lib/avr5\libm.a(mulsf3x.o)
 .bss           0x00000000        0x0 d:/nexus/software/atmel studio/7.0/toolchain/avr8/avr8-gnu-toolchain/bin/../lib/gcc/avr/5.4.0/../../../../avr/lib/avr5\libm.a(mulsf3x.o)
 .text          0x00000000        0x0 d:/nexus/software/atmel studio/7.0/toolchain/avr8/avr8-gnu-toolchain/bin/../lib/gcc/avr/5.4.0/avr5\libgcc.a(_exit.o)
 .data          0x00000000        0x0 d:/nexus/software/atmel studio/7.0/toolchain/avr8/avr8-gnu-toolchain/bin/../lib/gcc/avr/5.4.0/avr5\libgcc.a(_exit.o)
 .bss           0x00000000        0x0 d:/nexus/software/atmel studio/7.0/toolchain/avr8/avr8-gnu-toolchain/bin/../lib/gcc/avr/5.4.0/avr5\libgcc.a(_exit.o)
 .text.libgcc.mul
                0x00000000        0x0 d:/nexus/software/atmel studio/7.0/toolchain/avr8/avr8-gnu-toolchain/bin/../lib/gcc/avr/5.4.0/avr5\libgcc.a(_exit.o)
 .text.libgcc.div
                0x00000000        0x0 d:/nexus/software/atmel studio/7.0/toolchain/avr8/avr8-gnu-toolchain/bin/../lib/gcc/avr/5.4.0/avr5\libgcc.a(_exit.o)
 .text.libgcc   0x00000000        0x0 d:/nexus/software/atmel studio/7.0/toolchain/avr8/avr8-gnu-toolchain/bin/../lib/gcc/avr/5.4.0/avr5\libgcc.a(_exit.o)
 .text.libgcc.prologue
                0x00000000        0x0 d:/nexus/software/atmel studio/7.0/toolchain/avr8/avr8-gnu-toolchain/bin/../lib/gcc/avr/5.4.0/avr5\libgcc.a(_exit.o)
 .text.libgcc.builtins
                0x00000000        0x0 d:/nexus/software/atmel studio/7.0/toolchain/avr8/avr8-gnu-toolchain/bin/../lib/gcc/avr/5.4.0/avr5\libgcc.a(_exit.o)
 .text.libgcc.fmul
                0x00000000        0x0 d:/nexus/software/atmel studio/7.0/toolchain/avr8/avr8-gnu-toolchain/bin/../lib/gcc/avr/5.4.0/avr5\libgcc.a(_exit.o)
 .text.libgcc.fixed
                0x00000000        0x0 d:/nexus/software/atmel studio/7.0/toolchain/avr8/avr8-gnu-toolchain/bin/../lib/gcc/avr/5.4.0/avr5\libgcc.a(_exit.o)
 .text          0x00000000        0x0 d:/nexus/software/atmel studio/7.0/toolchain/avr8/avr8-gnu-toolchain/bin/../lib/gcc/avr/5.4.0/avr5\libgcc.a(_copy_data.o)
 .data          0x00000000        0x0 d:/nexus/software/atmel studio/7.0/toolchain/avr8/avr8-gnu-toolchain/bin/../lib/gcc/avr/5.4.0/avr5\libgcc.a(_copy_data.o)
 .bss           0x00000000        0x0 d:/nexus/software/atmel studio/7.0/toolchain/avr8/avr8-gnu-toolchain/bin/../lib/gcc/avr/5.4.0/avr5\libgcc.a(_copy_data.o)
 .text.libgcc.mul
                0x00000000        0x0 d:/nexus/software/atmel studio/7.0/toolchain/avr8/avr8-gnu-toolchain/bin/../lib/gcc/avr/5.4.0/avr5\libgcc.a(_copy_data.o)
 .text.libgcc.div
                0x00000000        0x0 d:/nexus/software/atmel studio/7.0/toolchain/avr8/avr8-gnu-toolchain/bin/../lib/gcc/avr/5.4.0/avr5\libgcc.a(_copy_data.o)
 .text.libgcc   0x00000000        0x0 d:/nexus/software/atmel studio/7.0/toolchain/avr8/avr8-gnu-toolchain/bin/../lib/gcc/avr/5.4.0/avr5\libgcc.a(_copy_data.o)
 .text.libgcc.prologue
                0x00000000        0x0 d:/nexus/software/atmel studio/7.0/toolchain/avr8/avr8-gnu-toolchain/bin/../lib/gcc/avr/5.4.0/avr5\libgcc.a(_copy_data.o)
 .text.libgcc.builtins
                0x00000000        0x0 d:/nexus/software/atmel studio/7.0/toolchain/avr8/avr8-gnu-toolchain/bin/../lib/gcc/avr/5.4.0/avr5\libgcc.a(_copy_data.o)
 .text.libgcc.fmul
                0x00000000        0x0 d:/nexus/software/atmel studio/7.0/toolchain/avr8/avr8-gnu-toolchain/bin/../lib/gcc/avr/5.4.0/avr5\libgcc.a(_copy_data.o)
 .text.libgcc.fixed
                0x00000000        0x0 d:/nexus/software/atmel studio/7.0/toolchain/avr8/avr8-gnu-toolchain/bin/../lib/gcc/avr/5.4.0/avr5\libgcc.a(_copy_data.o)
 .text          0x00000000        0x0 d:/nexus/software/atmel studio/7.0/toolchain/avr8/avr8-gnu-toolchain/bin/../lib/gcc/avr/5.4.0/avr5\libgcc.a(_clear_bss.o)
 .data          0x00000000        0x0 d:/nexus/software/atmel studio/7.0/toolchain/avr8/avr8-gnu-toolchain/bin/../lib/gcc/avr/5.4.0/avr5\libgcc.a(_clear_bss.o)
 .bss           0x00000000        0x0 d:/nexus/software/atmel studio/7.0/toolchain/avr8/avr8-gnu-toolchain/bin/../lib/gcc/avr/5.4.0/avr5\libgcc.a(_clear_bss.o)
 .text.libgcc.mul
                0x00000000        0x0 d:/nexus/software/atmel studio/7.0/toolchain/avr8/avr8-gnu-toolchain/bin/../lib/gcc/avr/5.4.0/avr5\libgcc.a(_clear_bss.o)
 .text.libgcc.div
                0x00000000        0x0 d:/nexus/software/atmel studio/7.0/toolchain/avr8/avr8-gnu-toolchain/bin/../lib/gcc/avr/5.4.0/avr5\libgcc.a(_clear_bss.o)
 .text.libgcc   0x00000000        0x0 d:/nexus/software/atmel studio/7.0/toolchain/avr8/avr8-gnu-toolchain/bin/../lib/gcc/avr/5.4.0/avr5\libgcc.a(_clear_bss.o)
 .text.libgcc.prologue
                0x00000000        0x0 d:/nexus/software/atmel studio/7.0/toolchain/avr8/avr8-gnu-toolchain/bin/../lib/gcc/avr/5.4.0/avr5\libgcc.a(_clear_bss.o)
 .text.libgcc.builtins
                0x00000000        0x0 d:/nexus/software/atmel studio/7.0/toolchain/avr8/avr8-gnu-toolchain/bin/../lib/gcc/avr/5.4.0/avr5\libgcc.a(_clear_bss.o)
 .text.libgcc.fmul
                0x00000000        0x0 d:/nexus/software/atmel studio/7.0/toolchain/avr8/avr8-gnu-toolchain/bin/../lib/gcc/avr/5.4.0/avr5\libgcc.a(_clear_bss.o)
 .text.libgcc.fixed
                0x00000000        0x0 d:/nexus/software/atmel studio/7.0/toolchain/avr8/avr8-gnu-toolchain/bin/../lib/gcc/avr/5.4.0/avr5\libgcc.a(_clear_bss.o)
 .text          0x00000000        0x0 d:/nexus/software/atmel studio/7.0/toolchain/avr8/avr8-gnu-toolchain/bin/../lib/gcc/avr/5.4.0/../../../../avr/lib/avr5\libc.a(itoa_ncheck.o)
 .data          0x00000000        0x0 d:/nexus/software/atmel studio/7.0/toolchain/avr8/avr8-gnu-toolchain/bin/../lib/gcc/avr/5.4.0/../../../../avr/lib/avr5\libc.a(itoa_ncheck.o)
 .bss           0x00000000        0x0 d:/nexus/software/atmel studio/7.0/toolchain/avr8/avr8-gnu-toolchain/bin/../lib/gcc/avr/5.4.0/../../../../avr/lib/avr5\libc.a(itoa_ncheck.o)
 .text          0x00000000        0x0 d:/nexus/software/atmel studio/7.0/toolchain/avr8/avr8-gnu-toolchain/bin/../lib/gcc/avr/5.4.0/../../../../avr/lib/avr5\libc.a(utoa_ncheck.o)
 .data          0x00000000        0x0 d:/nexus/software/atmel studio/7.0/toolchain/avr8/avr8-gnu-toolchain/bin/../lib/gcc/avr/5.4.0/../../../../avr/lib/avr5\libc.a(utoa_ncheck.o)
 .bss           0x00000000        0x0 d:/nexus/software/atmel studio/7.0/toolchain/avr8/avr8-gnu-toolchain/bin/../lib/gcc/avr/5.4.0/../../../../avr/lib/avr5\libc.a(utoa_ncheck.o)
 .text          0x00000000        0x0 d:/nexus/software/atmel studio/7.0/toolchain/avr8/avr8-gnu-toolchain/bin/../lib/gcc/avr/5.4.0/../../../../avr/lib/avr5\libc.a(strrev.o)
 .data          0x00000000        0x0 d:/nexus/software/atmel studio/7.0/toolchain/avr8/avr8-gnu-toolchain/bin/../lib/gcc/avr/5.4.0/../../../../avr/lib/avr5\libc.a(strrev.o)
 .bss           0x00000000        0x0 d:/nexus/software/atmel studio/7.0/toolchain/avr8/avr8-gnu-toolchain/bin/../lib/gcc/avr/5.4.0/../../../../avr/lib/avr5\libc.a(strrev.o)

Memory Configuration

Name             Origin             Length             Attributes
text             0x00000000         0x00008000         xr
data             0x00800060         0x00000800         rw !x
eeprom           0x00810000         0x00000400         rw !x
fuse             0x00820000         0x00000002         rw !x
lock             0x00830000         0x00000400         rw !x
signature        0x00840000         0x00000400         rw !x
user_signatures  0x00850000         0x00000400         rw !x
*default*        0x00000000         0xffffffff

Linker script and memory map

LOAD D:/NEXUS/SOFTWARE/Atmel Studio/7.0/Packs/atmel/ATmega_DFP/1.6.364/gcc/dev/atmega32/avr5/crtatmega32.o
LOAD Drivers/ADC.o
LOAD Drivers/DIO.o
LOAD Drivers/Keypad.o
LOAD Drivers/LCD.o
LOAD Drivers/LED.o
LOAD Drivers/Potentiometer.o
LOAD Drivers/PWM.o
LOAD Drivers/SPI.o
LOAD Drivers/TC72.o
LOAD Drivers/Timer.o
LOAD main.o
LOAD Managers/DSP_Manager.o
LOAD Managers/Heater_Control.o
LOAD Managers/Mode_Config.o
LOAD Managers/Schedular.o
LOAD Managers/TMP_Manager.o
START GROUP
LOAD d:/nexus/software/atmel studio/7.0/toolchain/avr8/avr8-gnu-toolchain/bin/../lib/gcc/avr/5.4.0/../../../../avr/lib/avr5\libm.a
END GROUP
START GROUP
LOAD d:/nexus/software/atmel studio/7.0/toolchain/avr8/avr8-gnu-toolchain/bin/../lib/gcc/avr/5.4.0/avr5\libgcc.a
LOAD d:/nexus/software/atmel studio/7.0/toolchain/avr8/avr8-gnu-toolchain/bin/../lib/gcc/avr/5.4.0/../../../../avr/lib/avr5\libm.a
LOAD d:/nexus/software/atmel studio/7.0/toolchain/avr8/avr8-gnu-toolchain/bin/../lib/gcc/avr/5.4.0/../../../../avr/lib/avr5\libc.a
LOAD D:/NEXUS/SOFTWARE/Atmel Studio/7.0/Packs/atmel/ATmega_DFP/1.6.364/gcc/dev/atmega32/avr5\libatmega32.a
END GROUP
                0x00000000                __TEXT_REGION_ORIGIN__ = DEFINED (__TEXT_REGION_ORIGIN__)?__TEXT_REGION_ORIGIN__:0x0
                [0x00800060]                __DATA_REGION_ORIGIN__ = DEFINED (__DATA_REGION_ORIGIN__)?__DATA_REGION_ORIGIN__:0x800060
                [0x00008000]                __TEXT_REGION_LENGTH__ = DEFINED (__TEXT_REGION_LENGTH__)?__TEXT_REGION_LENGTH__:0x20000
                [0x00000800]                __DATA_REGION_LENGTH__ = DEFINED (__DATA_REGION_LENGTH__)?__DATA_REGION_LENGTH__:0xffa0
                [0x00000400]                __EEPROM_REGION_LENGTH__ = DEFINED (__EEPROM_REGION_LENGTH__)?__EEPROM_REGION_LENGTH__:0x10000
                [0x00000002]                __FUSE_REGION_LENGTH__ = DEFINED (__FUSE_REGION_LENGTH__)?__FUSE_REGION_LENGTH__:0x400
                0x00000400                __LOCK_REGION_LENGTH__ = DEFINED (__LOCK_REGION_LENGTH__)?__LOCK_REGION_LENGTH__:0x400
                0x00000400                __SIGNATURE_REGION_LENGTH__ = DEFINED (__SIGNATURE_REGION_LENGTH__)?__SIGNATURE_REGION_LENGTH__:0x400
                0x00000400                __USER_SIGNATURE_REGION_LENGTH__ = DEFINED (__USER_SIGNATURE_REGION_LENGTH__)?__USER_SIGNATURE_REGION_LENGTH__:0x400

.hash
 *(.hash)

.dynsym
 *(.dynsym)

.dynstr
 *(.dynstr)

.gnu.version
 *(.gnu.version)

.gnu.version_d
 *(.gnu.version_d)

.gnu.version_r
 *(.gnu.version_r)

.rel.init
 *(.rel.init)

.rela.init
 *(.rela.init)

.rel.text
 *(.rel.text)
 *(.rel.text.*)
 *(.rel.gnu.linkonce.t*)

.rela.text
 *(.rela.text)
 *(.rela.text.*)
 *(.rela.gnu.linkonce.t*)

.rel.fini
 *(.rel.fini)

.rela.fini
 *(.rela.fini)

.rel.rodata
 *(.rel.rodata)
 *(.rel.rodata.*)
 *(.rel.gnu.linkonce.r*)

.rela.rodata
 *(.rela.rodata)
 *(.rela.rodata.*)
 *(.rela.gnu.linkonce.r*)

.rel.data
 *(.rel.data)
 *(.rel.data.*)
 *(.rel.gnu.linkonce.d*)

.rela.data
 *(.rela.data)
 *(.rela.data.*)
 *(.rela.gnu.linkonce.d*)

.rel.ctors
 *(.rel.ctors)

.rela.ctors
 *(.rela.ctors)

.rel.dtors
 *(.rel.dtors)

.rela.dtors
 *(.rela.dtors)

.rel.got
 *(.rel.got)

.rela.got
 *(.rela.got)

.rel.bss
 *(.rel.bss)

.rela.bss
 *(.rela.bss)

.rel.plt
 *(.rel.plt)

.rela.plt
 *(.rela.plt)

.text           0x00000000     0x15c4
 *(.vectors)
 .vectors       0x00000000       0x54 D:/NEXUS/SOFTWARE/Atmel Studio/7.0/Packs/atmel/ATmega_DFP/1.6.364/gcc/dev/atmega32/avr5/crtatmega32.o
                0x00000000                __vector_default
                0x00000000                __vectors
 *(.vectors)
 *(.progmem.gcc*)
                0x00000054                . = ALIGN (0x2)
                0x00000054                __trampolines_start = .
 *(.trampolines)
 .trampolines   0x00000054        0x0 linker stubs
 *(.trampolines*)
                0x00000054                __trampolines_end = .
 *libprintf_flt.a:*(.progmem.data)
 *libc.a:*(.progmem.data)
 *(.progmem*)
                0x00000054                . = ALIGN (0x2)
 *(.jumptables)
 *(.jumptables*)
 *(.lowtext)
 *(.lowtext*)
                0x00000054                __ctors_start = .
 *(.ctors)
                0x00000054                __ctors_end = .
                0x00000054                __dtors_start = .
 *(.dtors)
                0x00000054                __dtors_end = .
 SORT(*)(.ctors)
 SORT(*)(.dtors)
 *(.init0)
 .init0         0x00000054        0x0 D:/NEXUS/SOFTWARE/Atmel Studio/7.0/Packs/atmel/ATmega_DFP/1.6.364/gcc/dev/atmega32/avr5/crtatmega32.o
                0x00000054                __init
 *(.init0)
 *(.init1)
 *(.init1)
 *(.init2)
 .init2         0x00000054        0xc D:/NEXUS/SOFTWARE/Atmel Studio/7.0/Packs/atmel/ATmega_DFP/1.6.364/gcc/dev/atmega32/avr5/crtatmega32.o
 *(.init2)
 *(.init3)
 *(.init3)
 *(.init4)
 .init4         0x00000060       0x16 d:/nexus/software/atmel studio/7.0/toolchain/avr8/avr8-gnu-toolchain/bin/../lib/gcc/avr/5.4.0/avr5\libgcc.a(_copy_data.o)
                0x00000060                __do_copy_data
 .init4         0x00000076       0x10 d:/nexus/software/atmel studio/7.0/toolchain/avr8/avr8-gnu-toolchain/bin/../lib/gcc/avr/5.4.0/avr5\libgcc.a(_clear_bss.o)
                0x00000076                __do_clear_bss
 *(.init4)
 *(.init5)
 *(.init5)
 *(.init6)
 *(.init6)
 *(.init7)
 *(.init7)
 *(.init8)
 *(.init8)
 *(.init9)
 .init9         0x00000086        0x8 D:/NEXUS/SOFTWARE/Atmel Studio/7.0/Packs/atmel/ATmega_DFP/1.6.364/gcc/dev/atmega32/avr5/crtatmega32.o
 *(.init9)
 *(.text)
 .text          0x0000008e        0x4 D:/NEXUS/SOFTWARE/Atmel Studio/7.0/Packs/atmel/ATmega_DFP/1.6.364/gcc/dev/atmega32/avr5/crtatmega32.o
                0x0000008e                __vector_1
                0x0000008e                __vector_12
                0x0000008e                __bad_interrupt
                0x0000008e                __vector_6
                0x0000008e                __vector_3
                0x0000008e                __vector_11
                0x0000008e                __vector_13
                0x0000008e                __vector_17
                0x0000008e                __vector_19
                0x0000008e                __vector_7
                0x0000008e                __vector_5
                0x0000008e                __vector_4
                0x0000008e                __vector_9
                0x0000008e                __vector_2
                0x0000008e                __vector_15
                0x0000008e                __vector_8
                0x0000008e                __vector_14
                0x0000008e                __vector_16
                0x0000008e                __vector_18
                0x0000008e                __vector_20
                0x00000092                . = ALIGN (0x2)
 *(.text.*)
 .text.ADC_vInit
                0x00000092       0x32 Drivers/ADC.o
                0x00000092                ADC_vInit
 .text.ADC_vDisable
                0x000000c4        0x8 Drivers/ADC.o
                0x000000c4                ADC_vDisable
 .text.ADC_u16Read
                0x000000cc       0x1e Drivers/ADC.o
                0x000000cc                ADC_u16Read
 .text.DIO_vsetPINDir
                0x000000ea       0xf0 Drivers/DIO.o
                0x000000ea                DIO_vsetPINDir
 .text.DIO_Write_PIN
                0x000001da       0xf0 Drivers/DIO.o
                0x000001da                DIO_Write_PIN
 .text.DIO_Read_PIN
                0x000002ca       0xba Drivers/DIO.o
                0x000002ca                DIO_Read_PIN
 .text.DIO_Connect_PullUp
                0x00000384       0xe0 Drivers/DIO.o
                0x00000384                DIO_Connect_PullUp
 .text.DIO_Write_High_Nibble
                0x00000464       0x52 Drivers/DIO.o
                0x00000464                DIO_Write_High_Nibble
 .text.keypad_vInit
                0x000004b6       0x72 Drivers/Keypad.o
                0x000004b6                keypad_vInit
 .text.keypad_u8check_press
                0x00000528      0x154 Drivers/Keypad.o
                0x00000528                keypad_u8check_press
 .text.keypad_Check_OPKey
                0x0000067c       0x62 Drivers/Keypad.o
                0x0000067c                keypad_Check_OPKey
 .text.send_falling_edge
                0x000006de       0x3a Drivers/LCD.o
                0x000006de                send_falling_edge
 .text.LCD_vSend_cmd
                0x00000718       0x50 Drivers/LCD.o
                0x00000718                LCD_vSend_cmd
 .text.LCD_vInit
                0x00000768       0x7c Drivers/LCD.o
                0x00000768                LCD_vInit
 .text.LCD_vSend_char
                0x000007e4       0x50 Drivers/LCD.o
                0x000007e4                LCD_vSend_char
 .text.LCD_vSend_string
                0x00000834       0x26 Drivers/LCD.o
                0x00000834                LCD_vSend_string
 .text.LCD_vClear_Screen
                0x0000085a       0x14 Drivers/LCD.o
                0x0000085a                LCD_vClear_Screen
 .text.LCD_vMove_Cursor
                0x0000086e       0x44 Drivers/LCD.o
                0x0000086e                LCD_vMove_Cursor
 .text.LCD_vShiftDisplay
                0x000008b2       0x18 Drivers/LCD.o
                0x000008b2                LCD_vShiftDisplay
 .text.LED_vInit
                0x000008ca        0x8 Drivers/LED.o
                0x000008ca                LED_vInit
 .text.LED_vTurnOn
                0x000008d2        0x8 Drivers/LED.o
                0x000008d2                LED_vTurnOn
 .text.LED_vTurnOff
                0x000008da        0x8 Drivers/LED.o
                0x000008da                LED_vTurnOff
 .text.Potentiometer_vInit
                0x000008e2        0x6 Drivers/Potentiometer.o
                0x000008e2                Potentiometer_vInit
 .text.Potentiometer_vDisable
                0x000008e8        0x6 Drivers/Potentiometer.o
                0x000008e8                Potentiometer_vDisable
 .text.Potentiometer_Read
                0x000008ee       0x1c Drivers/Potentiometer.o
                0x000008ee                Potentiometer_Read
 .text.PWM_vInit
                0x0000090a       0x78 Drivers/PWM.o
                0x0000090a                PWM_vInit
 .text.PWM_vDisable
                0x00000982       0x10 Drivers/PWM.o
                0x00000982                PWM_vDisable
 .text.PWM_vSet_Duty
                0x00000992       0x10 Drivers/PWM.o
                0x00000992                PWM_vSet_Duty
 .text.SPI_MasterInit
                0x000009a2       0x5a Drivers/SPI.o
                0x000009a2                SPI_MasterInit
 .text.SPI_MasterTransmitchar
                0x000009fc        0xa Drivers/SPI.o
                0x000009fc                SPI_MasterTransmitchar
 .text.TC72_Init
                0x00000a06       0x2c Drivers/TC72.o
                0x00000a06                TC72_Init
 .text.TC72_Read
                0x00000a32       0x30 Drivers/TC72.o
                0x00000a32                TC72_Read
 .text.Timer0_CTC_vInit_Interrupt
                0x00000a62       0x20 Drivers/Timer.o
                0x00000a62                Timer0_CTC_vInit_Interrupt
 .text.main     0x00000a82       0xe6 main.o
                0x00000a82                main
 .text.ShiftDisplay
                0x00000b68       0x6c Managers/DSP_Manager.o
                0x00000b68                ShiftDisplay
 .text.WelcomeScreen
                0x00000bd4       0x28 Managers/DSP_Manager.o
                0x00000bd4                WelcomeScreen
 .text.Display_SET_Temperature
                0x00000bfc       0x40 Managers/DSP_Manager.o
                0x00000bfc                Display_SET_Temperature
 .text.Display_CRT_Temperature_ERROR
                0x00000c3c       0x16 Managers/DSP_Manager.o
                0x00000c3c                Display_CRT_Temperature_ERROR
 .text.Display_CRT_Temperature
                0x00000c52       0x52 Managers/DSP_Manager.o
                0x00000c52                Display_CRT_Temperature
 .text.Display_STATE
                0x00000ca4       0x22 Managers/DSP_Manager.o
                0x00000ca4                Display_STATE
 .text.IdleScreen
                0x00000cc6       0x46 Managers/DSP_Manager.o
                0x00000cc6                IdleScreen
 .text.LEDs_States_vInit
                0x00000d0c       0x2a Managers/Heater_Control.o
                0x00000d0c                LEDs_States_vInit
 .text.Heater_vEnable
                0x00000d36       0x10 Managers/Heater_Control.o
                0x00000d36                Heater_vEnable
 .text.Heater_vDisable
                0x00000d46        0xc Managers/Heater_Control.o
                0x00000d46                Heater_vDisable
 .text.Update_Vt
                0x00000d52       0x86 Managers/Heater_Control.o
                0x00000d52                Update_Vt
 .text.Update_Vr
                0x00000dd8       0x22 Managers/Heater_Control.o
                0x00000dd8                Update_Vr
 .text.Heater_vSet_Volt
                0x00000dfa       0x58 Managers/Heater_Control.o
                0x00000dfa                Heater_vSet_Volt
 .text.Check_OPERATION_State
                0x00000e52       0x32 Managers/Heater_Control.o
                0x00000e52                Check_OPERATION_State
 .text.Check_NORMAL_State
                0x00000e84       0x3a Managers/Heater_Control.o
                0x00000e84                Check_NORMAL_State
 .text.Check_ERROR_State
                0x00000ebe       0x3a Managers/Heater_Control.o
                0x00000ebe                Check_ERROR_State
 .text.Check_ERROR_State_Timer
                0x00000ef8       0x2e Managers/Heater_Control.o
                0x00000ef8                Check_ERROR_State_Timer
 .text.Check_HASH_Key
                0x00000f26       0x60 Managers/Heater_Control.o
                0x00000f26                Check_HASH_Key
 .text.Schedular_vInit
                0x00000f86        0x6 Managers/Schedular.o
                0x00000f86                Schedular_vInit
 .text.__vector_10
                0x00000f8c       0x94 Managers/Schedular.o
                0x00000f8c                __vector_10
 .text.TMP_Manager_vInit
                0x00001020        0xc Managers/TMP_Manager.o
                0x00001020                TMP_Manager_vInit
 .text.Update_CRT_Temperature
                0x0000102c       0x16 Managers/TMP_Manager.o
                0x0000102c                Update_CRT_Temperature
 .text.Update_SET_Temperature
                0x00001042       0x52 Managers/TMP_Manager.o
                0x00001042                Update_SET_Temperature
 .text.avr-libc.fplib
                0x00001094        0xe d:/nexus/software/atmel studio/7.0/toolchain/avr8/avr8-gnu-toolchain/bin/../lib/gcc/avr/5.4.0/../../../../avr/lib/avr5\libm.a(addsf3.o)
                0x00001094                __subsf3
                0x00001096                __addsf3
 .text.avr-libc.fplib
                0x000010a2       0xcc d:/nexus/software/atmel studio/7.0/toolchain/avr8/avr8-gnu-toolchain/bin/../lib/gcc/avr/5.4.0/../../../../avr/lib/avr5\libm.a(addsf3x.o)
                0x000010c4                __addsf3x
 .text.avr-libc.fplib
                0x0000116e        0x8 d:/nexus/software/atmel studio/7.0/toolchain/avr8/avr8-gnu-toolchain/bin/../lib/gcc/avr/5.4.0/../../../../avr/lib/avr5\libm.a(divsf3.o)
                0x0000116e                __divsf3
 .text.avr-libc.fplib
                0x00001176       0xdc d:/nexus/software/atmel studio/7.0/toolchain/avr8/avr8-gnu-toolchain/bin/../lib/gcc/avr/5.4.0/../../../../avr/lib/avr5\libm.a(divsf3x.o)
                0x00001196                __divsf3x
                0x0000119c                __divsf3_pse
 .text.avr-libc.fplib
                0x00001252       0x5e d:/nexus/software/atmel studio/7.0/toolchain/avr8/avr8-gnu-toolchain/bin/../lib/gcc/avr/5.4.0/../../../../avr/lib/avr5\libm.a(fixunssfsi.o)
                0x00001252                __fixunssfsi
 .text.avr-libc.fplib
                0x000012b0       0x7a d:/nexus/software/atmel studio/7.0/toolchain/avr8/avr8-gnu-toolchain/bin/../lib/gcc/avr/5.4.0/../../../../avr/lib/avr5\libm.a(floatsisf.o)
                0x000012b0                __floatunsisf
                0x000012b4                __floatsisf
 .text.avr-libc.fplib
                0x0000132a       0x2e d:/nexus/software/atmel studio/7.0/toolchain/avr8/avr8-gnu-toolchain/bin/../lib/gcc/avr/5.4.0/../../../../avr/lib/avr5\libm.a(floor.o)
                0x0000132a                floor
 .text.avr-libc.fplib
                0x00001358        0xc d:/nexus/software/atmel studio/7.0/toolchain/avr8/avr8-gnu-toolchain/bin/../lib/gcc/avr/5.4.0/../../../../avr/lib/avr5\libm.a(fp_inf.o)
                0x00001358                __fp_inf
 .text.avr-libc.fplib
                0x00001364       0x36 d:/nexus/software/atmel studio/7.0/toolchain/avr8/avr8-gnu-toolchain/bin/../lib/gcc/avr/5.4.0/../../../../avr/lib/avr5\libm.a(fp_mintl.o)
                0x00001364                __fp_mintl
 .text.avr-libc.fplib
                0x0000139a       0x1c d:/nexus/software/atmel studio/7.0/toolchain/avr8/avr8-gnu-toolchain/bin/../lib/gcc/avr/5.4.0/../../../../avr/lib/avr5\libm.a(fp_mpack.o)
                0x0000139a                __fp_mpack
                0x0000139e                __fp_mpack_finite
 .text.avr-libc.fplib
                0x000013b6        0x6 d:/nexus/software/atmel studio/7.0/toolchain/avr8/avr8-gnu-toolchain/bin/../lib/gcc/avr/5.4.0/../../../../avr/lib/avr5\libm.a(fp_nan.o)
                0x000013b6                __fp_nan
 .text.avr-libc.fplib
                0x000013bc        0xe d:/nexus/software/atmel studio/7.0/toolchain/avr8/avr8-gnu-toolchain/bin/../lib/gcc/avr/5.4.0/../../../../avr/lib/avr5\libm.a(fp_pscA.o)
                0x000013bc                __fp_pscA
 .text.avr-libc.fplib
                0x000013ca        0xe d:/nexus/software/atmel studio/7.0/toolchain/avr8/avr8-gnu-toolchain/bin/../lib/gcc/avr/5.4.0/../../../../avr/lib/avr5\libm.a(fp_pscB.o)
                0x000013ca                __fp_pscB
 .text.avr-libc.fplib
                0x000013d8       0x22 d:/nexus/software/atmel studio/7.0/toolchain/avr8/avr8-gnu-toolchain/bin/../lib/gcc/avr/5.4.0/../../../../avr/lib/avr5\libm.a(fp_round.o)
                0x000013d8                __fp_round
 .text.avr-libc.fplib
                0x000013fa       0x44 d:/nexus/software/atmel studio/7.0/toolchain/avr8/avr8-gnu-toolchain/bin/../lib/gcc/avr/5.4.0/../../../../avr/lib/avr5\libm.a(fp_split3.o)
                0x000013fa                __fp_split3
                0x0000140a                __fp_splitA
 .text.avr-libc.fplib
                0x0000143e       0x30 d:/nexus/software/atmel studio/7.0/toolchain/avr8/avr8-gnu-toolchain/bin/../lib/gcc/avr/5.4.0/../../../../avr/lib/avr5\libm.a(fp_trunc.o)
                0x0000143e                __fp_trunc
 .text.avr-libc.fplib
                0x0000146e        0xe d:/nexus/software/atmel studio/7.0/toolchain/avr8/avr8-gnu-toolchain/bin/../lib/gcc/avr/5.4.0/../../../../avr/lib/avr5\libm.a(fp_zero.o)
                0x0000146e                __fp_zero
                0x00001470                __fp_szero
 .text.avr-libc.fplib
                0x0000147c        0x8 d:/nexus/software/atmel studio/7.0/toolchain/avr8/avr8-gnu-toolchain/bin/../lib/gcc/avr/5.4.0/../../../../avr/lib/avr5\libm.a(mulsf3.o)
                0x0000147c                __mulsf3
 .text.avr-libc.fplib
                0x00001484       0xd2 d:/nexus/software/atmel studio/7.0/toolchain/avr8/avr8-gnu-toolchain/bin/../lib/gcc/avr/5.4.0/../../../../avr/lib/avr5\libm.a(mulsf3x.o)
                0x000014a2                __mulsf3x
                0x000014a8                __mulsf3_pse
 .text.avr-libc
                0x00001556       0x16 d:/nexus/software/atmel studio/7.0/toolchain/avr8/avr8-gnu-toolchain/bin/../lib/gcc/avr/5.4.0/../../../../avr/lib/avr5\libc.a(itoa_ncheck.o)
                0x00001556                __itoa_ncheck
 .text.avr-libc
                0x0000156c       0x34 d:/nexus/software/atmel studio/7.0/toolchain/avr8/avr8-gnu-toolchain/bin/../lib/gcc/avr/5.4.0/../../../../avr/lib/avr5\libc.a(utoa_ncheck.o)
                0x0000156c                __utoa_ncheck
                0x0000156e                __utoa_common
 .text.avr-libc
                0x000015a0       0x20 d:/nexus/software/atmel studio/7.0/toolchain/avr8/avr8-gnu-toolchain/bin/../lib/gcc/avr/5.4.0/../../../../avr/lib/avr5\libc.a(strrev.o)
                0x000015a0                strrev
                0x000015c0                . = ALIGN (0x2)
 *(.fini9)
 .fini9         0x000015c0        0x0 d:/nexus/software/atmel studio/7.0/toolchain/avr8/avr8-gnu-toolchain/bin/../lib/gcc/avr/5.4.0/avr5\libgcc.a(_exit.o)
                0x000015c0                _exit
                0x000015c0                exit
 *(.fini9)
 *(.fini8)
 *(.fini8)
 *(.fini7)
 *(.fini7)
 *(.fini6)
 *(.fini6)
 *(.fini5)
 *(.fini5)
 *(.fini4)
 *(.fini4)
 *(.fini3)
 *(.fini3)
 *(.fini2)
 *(.fini2)
 *(.fini1)
 *(.fini1)
 *(.fini0)
 .fini0         0x000015c0        0x4 d:/nexus/software/atmel studio/7.0/toolchain/avr8/avr8-gnu-toolchain/bin/../lib/gcc/avr/5.4.0/avr5\libgcc.a(_exit.o)
 *(.fini0)
                0x000015c4                _etext = .

.data           0x00800060       0x5c load address 0x000015c4
                0x00800060                PROVIDE (__data_start, .)
 *(.data)
 *(.data*)
 .data.PORTS    0x00800060        0x4 Drivers/DIO.o
                0x00800060                PORTS
 .data.hash_debounce
                0x00800064        0x1 Drivers/Keypad.o
                0x00800064                hash_debounce
 .data.counter_debounce
                0x00800065        0x1 Drivers/Keypad.o
                0x00800065                counter_debounce
 .data.animation_loops
                0x00800066        0x1 Managers/DSP_Manager.o
                0x00800066                animation_loops
 .data.left_shift_steps
                0x00800067        0x1 Managers/DSP_Manager.o
                0x00800067                left_shift_steps
 .data.states   0x00800068        0x8 Managers/Heater_Control.o
                0x00800068                states
 .data.CRT_Temperature
                0x00800070        0x1 Managers/TMP_Manager.o
                0x00800070                CRT_Temperature
 .data.SET_Temperature
                0x00800071        0x1 Managers/TMP_Manager.o
                0x00800071                SET_Temperature
 *(.gnu.linkonce.d*)
 *(.rodata)
 .rodata        0x00800072        0xc Drivers/Keypad.o
 *(.rodata*)
 .rodata.str1.1
                0x0080007e       0x27 Managers/DSP_Manager.o
 .rodata.str1.1
                0x008000a5       0x17 Managers/Heater_Control.o
                                 0x1f (size before relaxing)
 *(.gnu.linkonce.r*)
                0x008000bc                . = ALIGN (0x2)
                0x008000bc                _edata = .
                0x008000bc                PROVIDE (__data_end, .)

.bss            0x008000bc       0x22
                0x008000bc                PROVIDE (__bss_start, .)
 *(.bss)
 *(.bss*)
 .bss.prev      0x008000bc        0xc Drivers/Keypad.o
                0x008000bc                prev
 .bss.LCD_INITIALIZED
                0x008000c8        0x1 main.o
                0x008000c8                LCD_INITIALIZED
 .bss.right_shift_steps
                0x008000c9        0x1 Managers/DSP_Manager.o
                0x008000c9                right_shift_steps
 .bss.Vr        0x008000ca        0x4 Managers/Heater_Control.o
                0x008000ca                Vr
 .bss.Vt        0x008000ce        0x4 Managers/Heater_Control.o
                0x008000ce                Vt
 .bss.state_indx
                0x008000d2        0x1 Managers/Heater_Control.o
                0x008000d2                state_indx
 .bss.ERROR_COUNTER
                0x008000d3        0x2 Managers/Schedular.o
                0x008000d3                ERROR_COUNTER
 .bss.ADC_COUNTER
                0x008000d5        0x1 Managers/Schedular.o
                0x008000d5                ADC_COUNTER
 .bss.HASH_KEY_COUNTER
                0x008000d6        0x1 Managers/Schedular.o
                0x008000d6                HASH_KEY_COUNTER
 .bss.SET_TEMP_COUNTER
                0x008000d7        0x1 Managers/Schedular.o
                0x008000d7                SET_TEMP_COUNTER
 .bss.CRT_TEMP_COUNTER
                0x008000d8        0x1 Managers/Schedular.o
                0x008000d8                CRT_TEMP_COUNTER
 .bss.LCD_SHIFT_COUNTER
                0x008000d9        0x1 Managers/Schedular.o
                0x008000d9                LCD_SHIFT_COUNTER
 .bss.LCD_INIT_COUNTER
                0x008000da        0x1 Managers/Schedular.o
                0x008000da                LCD_INIT_COUNTER
 .bss.pos       0x008000db        0x1 Managers/TMP_Manager.o
                0x008000db                pos
 .bss.temp_reading
                0x008000dc        0x1 Managers/TMP_Manager.o
                0x008000dc                temp_reading
 .bss.reading_buffer
                0x008000dd        0x1 Managers/TMP_Manager.o
                0x008000dd                reading_buffer
 *(COMMON)
                0x008000de                PROVIDE (__bss_end, .)
                0x000015c4                __data_load_start = LOADADDR (.data)
                0x00001620                __data_load_end = (__data_load_start + SIZEOF (.data))

.noinit         0x008000de        0x0
                [!provide]                PROVIDE (__noinit_start, .)
 *(.noinit*)
                [!provide]                PROVIDE (__noinit_end, .)
                0x008000de                _end = .
                [!provide]                PROVIDE (__heap_start, .)

.eeprom         0x00810000        0x0
 *(.eeprom*)
                0x00810000                __eeprom_end = .

.fuse
 *(.fuse)
 *(.lfuse)
 *(.hfuse)
 *(.efuse)

.lock
 *(.lock*)

.signature
 *(.signature*)

.user_signatures
 *(.user_signatures*)

.stab
 *(.stab)

.stabstr
 *(.stabstr)

.stab.excl
 *(.stab.excl)

.stab.exclstr
 *(.stab.exclstr)

.stab.index
 *(.stab.index)

.stab.indexstr
 *(.stab.indexstr)

.comment        0x00000000       0x30
 *(.comment)
 .comment       0x00000000       0x30 Drivers/ADC.o
                                 0x31 (size before relaxing)
 .comment       0x00000030       0x31 Drivers/DIO.o
 .comment       0x00000030       0x31 Drivers/Keypad.o
 .comment       0x00000030       0x31 Drivers/LCD.o
 .comment       0x00000030       0x31 Drivers/LED.o
 .comment       0x00000030       0x31 Drivers/Potentiometer.o
 .comment       0x00000030       0x31 Drivers/PWM.o
 .comment       0x00000030       0x31 Drivers/SPI.o
 .comment       0x00000030       0x31 Drivers/TC72.o
 .comment       0x00000030       0x31 Drivers/Timer.o
 .comment       0x00000030       0x31 main.o
 .comment       0x00000030       0x31 Managers/DSP_Manager.o
 .comment       0x00000030       0x31 Managers/Heater_Control.o
 .comment       0x00000030       0x31 Managers/Schedular.o
 .comment       0x00000030       0x31 Managers/TMP_Manager.o

.note.gnu.avr.deviceinfo
                0x00000000       0x3c
 .note.gnu.avr.deviceinfo
                0x00000000       0x3c D:/NEXUS/SOFTWARE/Atmel Studio/7.0/Packs/atmel/ATmega_DFP/1.6.364/gcc/dev/atmega32/avr5/crtatmega32.o

.note.gnu.build-id
 *(.note.gnu.build-id)

.debug
 *(.debug)

.line
 *(.line)

.debug_srcinfo
 *(.debug_srcinfo)

.debug_sfnames
 *(.debug_sfnames)

.debug_aranges  0x00000000      0x368
 *(.debug_aranges)
 .debug_aranges
                0x00000000       0x30 Drivers/ADC.o
 .debug_aranges
                0x00000030       0x78 Drivers/DIO.o
 .debug_aranges
                0x000000a8       0x30 Drivers/Keypad.o
 .debug_aranges
                0x000000d8       0x58 Drivers/LCD.o
 .debug_aranges
                0x00000130       0x30 Drivers/LED.o
 .debug_aranges
                0x00000160       0x30 Drivers/Potentiometer.o
 .debug_aranges
                0x00000190       0x30 Drivers/PWM.o
 .debug_aranges
                0x000001c0       0x28 Drivers/SPI.o
 .debug_aranges
                0x000001e8       0x28 Drivers/TC72.o
 .debug_aranges
                0x00000210       0x20 Drivers/Timer.o
 .debug_aranges
                0x00000230       0x20 main.o
 .debug_aranges
                0x00000250       0x50 Managers/DSP_Manager.o
 .debug_aranges
                0x000002a0       0x70 Managers/Heater_Control.o
 .debug_aranges
                0x00000310       0x28 Managers/Schedular.o
 .debug_aranges
                0x00000338       0x30 Managers/TMP_Manager.o

.debug_pubnames
 *(.debug_pubnames)

.debug_info     0x00000000     0x2c83
 *(.debug_info .gnu.linkonce.wi.*)
 .debug_info    0x00000000      0x4e6 D:/NEXUS/SOFTWARE/Atmel Studio/7.0/Packs/atmel/ATmega_DFP/1.6.364/gcc/dev/atmega32/avr5/crtatmega32.o
 .debug_info    0x000004e6       0xce Drivers/ADC.o
 .debug_info    0x000005b4      0x38e Drivers/DIO.o
 .debug_info    0x00000942      0x3bb Drivers/Keypad.o
 .debug_info    0x00000cfd      0x642 Drivers/LCD.o
 .debug_info    0x0000133f      0x190 Drivers/LED.o
 .debug_info    0x000014cf      0x134 Drivers/Potentiometer.o
 .debug_info    0x00001603      0x157 Drivers/PWM.o
 .debug_info    0x0000175a      0x14a Drivers/SPI.o
 .debug_info    0x000018a4      0x1c3 Drivers/TC72.o
 .debug_info    0x00001a67       0x83 Drivers/Timer.o
 .debug_info    0x00001aea      0x34d main.o
 .debug_info    0x00001e37      0x5a9 Managers/DSP_Manager.o
 .debug_info    0x000023e0      0x57f Managers/Heater_Control.o
 .debug_info    0x0000295f      0x17b Managers/Schedular.o
 .debug_info    0x00002ada      0x1a9 Managers/TMP_Manager.o

.debug_abbrev   0x00000000     0x11a1
 *(.debug_abbrev)
 .debug_abbrev  0x00000000      0x4a3 D:/NEXUS/SOFTWARE/Atmel Studio/7.0/Packs/atmel/ATmega_DFP/1.6.364/gcc/dev/atmega32/avr5/crtatmega32.o
 .debug_abbrev  0x000004a3       0x7a Drivers/ADC.o
 .debug_abbrev  0x0000051d      0x133 Drivers/DIO.o
 .debug_abbrev  0x00000650      0x106 Drivers/Keypad.o
 .debug_abbrev  0x00000756      0x176 Drivers/LCD.o
 .debug_abbrev  0x000008cc       0x8b Drivers/LED.o
 .debug_abbrev  0x00000957       0x9b Drivers/Potentiometer.o
 .debug_abbrev  0x000009f2       0xa7 Drivers/PWM.o
 .debug_abbrev  0x00000a99       0xd7 Drivers/SPI.o
 .debug_abbrev  0x00000b70       0xc1 Drivers/TC72.o
 .debug_abbrev  0x00000c31       0x51 Drivers/Timer.o
 .debug_abbrev  0x00000c82       0xc3 main.o
 .debug_abbrev  0x00000d45      0x1b8 Managers/DSP_Manager.o
 .debug_abbrev  0x00000efd      0x139 Managers/Heater_Control.o
 .debug_abbrev  0x00001036       0xb1 Managers/Schedular.o
 .debug_abbrev  0x000010e7       0xba Managers/TMP_Manager.o

.debug_line     0x00000000     0x1baf
 *(.debug_line .debug_line.* .debug_line_end)
 .debug_line    0x00000000      0x116 D:/NEXUS/SOFTWARE/Atmel Studio/7.0/Packs/atmel/ATmega_DFP/1.6.364/gcc/dev/atmega32/avr5/crtatmega32.o
 .debug_line    0x00000116      0x119 Drivers/ADC.o
 .debug_line    0x0000022f      0x4d4 Drivers/DIO.o
 .debug_line    0x00000703      0x20e Drivers/Keypad.o
 .debug_line    0x00000911      0x2fa Drivers/LCD.o
 .debug_line    0x00000c0b       0xd4 Drivers/LED.o
 .debug_line    0x00000cdf       0xff Drivers/Potentiometer.o
 .debug_line    0x00000dde      0x162 Drivers/PWM.o
 .debug_line    0x00000f40      0x112 Drivers/SPI.o
 .debug_line    0x00001052       0xa9 Drivers/TC72.o
 .debug_line    0x000010fb       0xc1 Drivers/Timer.o
 .debug_line    0x000011bc      0x1e7 main.o
 .debug_line    0x000013a3      0x29c Managers/DSP_Manager.o
 .debug_line    0x0000163f      0x2eb Managers/Heater_Control.o
 .debug_line    0x0000192a      0x128 Managers/Schedular.o
 .debug_line    0x00001a52      0x15d Managers/TMP_Manager.o

.debug_frame    0x00000000      0x650
 *(.debug_frame)
 .debug_frame   0x00000000       0x44 Drivers/ADC.o
 .debug_frame   0x00000044       0xd4 Drivers/DIO.o
 .debug_frame   0x00000118       0x8c Drivers/Keypad.o
 .debug_frame   0x000001a4       0xdc Drivers/LCD.o
 .debug_frame   0x00000280       0x44 Drivers/LED.o
 .debug_frame   0x000002c4       0x44 Drivers/Potentiometer.o
 .debug_frame   0x00000308       0x44 Drivers/PWM.o
 .debug_frame   0x0000034c       0x40 Drivers/SPI.o
 .debug_frame   0x0000038c       0x44 Drivers/TC72.o
 .debug_frame   0x000003d0       0x24 Drivers/Timer.o
 .debug_frame   0x000003f4       0x24 main.o
 .debug_frame   0x00000418       0xb0 Managers/DSP_Manager.o
 .debug_frame   0x000004c8       0xf4 Managers/Heater_Control.o
 .debug_frame   0x000005bc       0x50 Managers/Schedular.o
 .debug_frame   0x0000060c       0x44 Managers/TMP_Manager.o

.debug_str      0x00000000      0xaa8
 *(.debug_str)
 .debug_str     0x00000000      0x196 D:/NEXUS/SOFTWARE/Atmel Studio/7.0/Packs/atmel/ATmega_DFP/1.6.364/gcc/dev/atmega32/avr5/crtatmega32.o
 .debug_str     0x00000196      0x16d Drivers/ADC.o
                                0x1a1 (size before relaxing)
 .debug_str     0x00000303      0x123 Drivers/DIO.o
                                0x28b (size before relaxing)
 .debug_str     0x00000426       0x8e Drivers/Keypad.o
                                0x23c (size before relaxing)
 .debug_str     0x000004b4       0xf2 Drivers/LCD.o
                                0x2a2 (size before relaxing)
 .debug_str     0x000005a6       0x34 Drivers/LED.o
                                0x1c6 (size before relaxing)
 .debug_str     0x000005da       0x73 Drivers/Potentiometer.o
                                0x1fb (size before relaxing)
 .debug_str     0x0000064d       0x41 Drivers/PWM.o
                                0x1b8 (size before relaxing)
 .debug_str     0x0000068e       0x3c Drivers/SPI.o
                                0x1bc (size before relaxing)
 .debug_str     0x000006ca       0x30 Drivers/TC72.o
                                0x1be (size before relaxing)
 .debug_str     0x000006fa       0x2e Drivers/Timer.o
                                0x18b (size before relaxing)
 .debug_str     0x00000728      0x1b3 main.o
                                0x35c (size before relaxing)
 .debug_str     0x000008db       0xbc Managers/DSP_Manager.o
                                0x348 (size before relaxing)
 .debug_str     0x00000997       0x82 Managers/Heater_Control.o
                                0x399 (size before relaxing)
 .debug_str     0x00000a19       0x46 Managers/Schedular.o
                                0x260 (size before relaxing)
 .debug_str     0x00000a5f       0x49 Managers/TMP_Manager.o
                                0x263 (size before relaxing)

.debug_loc      0x00000000     0x164b
 *(.debug_loc)
 .debug_loc     0x00000000       0x37 Drivers/ADC.o
 .debug_loc     0x00000037      0x8ae Drivers/DIO.o
 .debug_loc     0x000008e5      0x1c4 Drivers/Keypad.o
 .debug_loc     0x00000aa9      0x4a9 Drivers/LCD.o
 .debug_loc     0x00000f52       0xc6 Drivers/LED.o
 .debug_loc     0x00001018       0x62 Drivers/Potentiometer.o
 .debug_loc     0x0000107a      0x112 Drivers/PWM.o
 .debug_loc     0x0000118c       0x4e Drivers/SPI.o
 .debug_loc     0x000011da       0x99 Drivers/TC72.o
 .debug_loc     0x00001273      0x224 Managers/DSP_Manager.o
 .debug_loc     0x00001497      0x15e Managers/Heater_Control.o
 .debug_loc     0x000015f5       0x56 Managers/Schedular.o

.debug_macinfo
 *(.debug_macinfo)

.debug_weaknames
 *(.debug_weaknames)

.debug_funcnames
 *(.debug_funcnames)

.debug_typenames
 *(.debug_typenames)

.debug_varnames
 *(.debug_varnames)

.debug_pubtypes
 *(.debug_pubtypes)

.debug_ranges   0x00000000      0x278
 *(.debug_ranges)
 .debug_ranges  0x00000000       0x20 Drivers/ADC.o
 .debug_ranges  0x00000020       0x68 Drivers/DIO.o
 .debug_ranges  0x00000088       0x20 Drivers/Keypad.o
 .debug_ranges  0x000000a8       0x48 Drivers/LCD.o
 .debug_ranges  0x000000f0       0x20 Drivers/LED.o
 .debug_ranges  0x00000110       0x20 Drivers/Potentiometer.o
 .debug_ranges  0x00000130       0x20 Drivers/PWM.o
 .debug_ranges  0x00000150       0x18 Drivers/SPI.o
 .debug_ranges  0x00000168       0x18 Drivers/TC72.o
 .debug_ranges  0x00000180       0x10 Drivers/Timer.o
 .debug_ranges  0x00000190       0x10 main.o
 .debug_ranges  0x000001a0       0x40 Managers/DSP_Manager.o
 .debug_ranges  0x000001e0       0x60 Managers/Heater_Control.o
 .debug_ranges  0x00000240       0x18 Managers/Schedular.o
 .debug_ranges  0x00000258       0x20 Managers/TMP_Manager.o

.debug_macro
 *(.debug_macro)
OUTPUT(Temperature-Controller-Module.elf elf32-avr)
LOAD linker stubs
